// Jest Snapshot v1, https://goo.gl/fbAQLP

exports[`Counter should match snapshot 1`] = `
<div>
  <div
    class="container"
  >
    <div
      class="message"
    >
      Current count is 0
    </div>
    <button
      class="incrementButton"
      type="button"
    >
      Increment Counter
    </button>
  </div>
</div>
`;
